------------------------------------------------------------
Timing Analyzer Summary
------------------------------------------------------------

Type  : Slow 1200mV 85C Model Setup 'MAX10_CLK1_50'
Slack : -2.438
TNS   : -151.731

Type  : Slow 1200mV 85C Model Hold 'MAX10_CLK1_50'
Slack : 0.331
TNS   : 0.000

Type  : Slow 1200mV 85C Model Recovery 'MAX10_CLK1_50'
Slack : -0.794
TNS   : -14.283

Type  : Slow 1200mV 85C Model Removal 'MAX10_CLK1_50'
Slack : 0.688
TNS   : 0.000

Type  : Slow 1200mV 85C Model Minimum Pulse Width 'MAX10_CLK1_50'
Slack : -3.000
TNS   : -151.718

Type  : Slow 1200mV 0C Model Setup 'MAX10_CLK1_50'
Slack : -2.174
TNS   : -129.835

Type  : Slow 1200mV 0C Model Hold 'MAX10_CLK1_50'
Slack : 0.297
TNS   : 0.000

Type  : Slow 1200mV 0C Model Recovery 'MAX10_CLK1_50'
Slack : -0.627
TNS   : -10.325

Type  : Slow 1200mV 0C Model Removal 'MAX10_CLK1_50'
Slack : 0.643
TNS   : 0.000

Type  : Slow 1200mV 0C Model Minimum Pulse Width 'MAX10_CLK1_50'
Slack : -3.000
TNS   : -151.718

Type  : Fast 1200mV 0C Model Setup 'MAX10_CLK1_50'
Slack : -0.421
TNS   : -9.675

Type  : Fast 1200mV 0C Model Hold 'MAX10_CLK1_50'
Slack : 0.146
TNS   : 0.000

Type  : Fast 1200mV 0C Model Recovery 'MAX10_CLK1_50'
Slack : 0.161
TNS   : 0.000

Type  : Fast 1200mV 0C Model Removal 'MAX10_CLK1_50'
Slack : 0.301
TNS   : 0.000

Type  : Fast 1200mV 0C Model Minimum Pulse Width 'MAX10_CLK1_50'
Slack : -3.000
TNS   : -113.314

------------------------------------------------------------
