------------------------------------------------------------
Timing Analyzer Summary
------------------------------------------------------------

Type  : Slow 1200mV 85C Model Setup 'MAX10_CLK1_50'
Slack : -3.029
TNS   : -250.219

Type  : Slow 1200mV 85C Model Hold 'MAX10_CLK1_50'
Slack : 0.330
TNS   : 0.000

Type  : Slow 1200mV 85C Model Recovery 'MAX10_CLK1_50'
Slack : -0.872
TNS   : -32.150

Type  : Slow 1200mV 85C Model Removal 'MAX10_CLK1_50'
Slack : 0.869
TNS   : 0.000

Type  : Slow 1200mV 85C Model Minimum Pulse Width 'MAX10_CLK1_50'
Slack : -3.000
TNS   : -203.629

Type  : Slow 1200mV 0C Model Setup 'MAX10_CLK1_50'
Slack : -2.716
TNS   : -217.434

Type  : Slow 1200mV 0C Model Hold 'MAX10_CLK1_50'
Slack : 0.296
TNS   : 0.000

Type  : Slow 1200mV 0C Model Recovery 'MAX10_CLK1_50'
Slack : -0.696
TNS   : -24.091

Type  : Slow 1200mV 0C Model Removal 'MAX10_CLK1_50'
Slack : 0.809
TNS   : 0.000

Type  : Slow 1200mV 0C Model Minimum Pulse Width 'MAX10_CLK1_50'
Slack : -3.000
TNS   : -203.629

Type  : Fast 1200mV 0C Model Setup 'MAX10_CLK1_50'
Slack : -0.722
TNS   : -30.995

Type  : Fast 1200mV 0C Model Hold 'MAX10_CLK1_50'
Slack : 0.145
TNS   : 0.000

Type  : Fast 1200mV 0C Model Recovery 'MAX10_CLK1_50'
Slack : 0.122
TNS   : 0.000

Type  : Fast 1200mV 0C Model Removal 'MAX10_CLK1_50'
Slack : 0.385
TNS   : 0.000

Type  : Fast 1200mV 0C Model Minimum Pulse Width 'MAX10_CLK1_50'
Slack : -3.000
TNS   : -151.339

------------------------------------------------------------
